Copyright 1986-2021 Xilinx, Inc. All Rights Reserved.
--------------------------------------------------------------------------------------------
| Tool Version : Vivado v.2021.1 (win64) Build 3247384 Thu Jun 10 19:36:33 MDT 2021
| Date         : Thu May 19 01:01:58 2022
| Host         : DESKTOP-LNFBGQQ running 64-bit major release  (build 9200)
| Command      : report_clock_utilization -file system_wrapper_clock_utilization_routed.rpt
| Design       : system_wrapper
| Device       : 7z020-clg400
| Speed File   : -1  PRODUCTION 1.12 2019-11-22
| Design State : Routed
--------------------------------------------------------------------------------------------

Clock Utilization Report

Table of Contents
-----------------
1. Clock Primitive Utilization
2. Global Clock Resources
3. Global Clock Source Details
4. Clock Regions: Key Resource Utilization
5. Clock Regions : Global Clock Summary
6. Device Cell Placement Summary for Global Clock g0
7. Device Cell Placement Summary for Global Clock g1
8. Device Cell Placement Summary for Global Clock g2
9. Device Cell Placement Summary for Global Clock g3
10. Device Cell Placement Summary for Global Clock g4
11. Device Cell Placement Summary for Global Clock g5
12. Device Cell Placement Summary for Global Clock g6
13. Device Cell Placement Summary for Global Clock g7
14. Clock Region Cell Placement per Global Clock: Region X0Y0
15. Clock Region Cell Placement per Global Clock: Region X1Y0
16. Clock Region Cell Placement per Global Clock: Region X0Y1
17. Clock Region Cell Placement per Global Clock: Region X1Y1
18. Clock Region Cell Placement per Global Clock: Region X0Y2

1. Clock Primitive Utilization
------------------------------

+----------+------+-----------+-----+--------------+--------+
| Type     | Used | Available | LOC | Clock Region | Pblock |
+----------+------+-----------+-----+--------------+--------+
| BUFGCTRL |    8 |        32 |   0 |            0 |      0 |
| BUFH     |    0 |        72 |   0 |            0 |      0 |
| BUFIO    |    0 |        16 |   0 |            0 |      0 |
| BUFMR    |    0 |         8 |   0 |            0 |      0 |
| BUFR     |    0 |        16 |   0 |            0 |      0 |
| MMCM     |    0 |         4 |   0 |            0 |      0 |
| PLL      |    0 |         4 |   0 |            0 |      0 |
+----------+------+-----------+-----+--------------+--------+


2. Global Clock Resources
-------------------------

+-----------+-----------+-----------------+------------+----------------+--------------+-------------------+-------------+-----------------+--------------+------------+---------------------------------------------------------------------------+---------------------------------------------------------------+
| Global Id | Source Id | Driver Type/Pin | Constraint | Site           | Clock Region | Load Clock Region | Clock Loads | Non-Clock Loads | Clock Period | Clock      | Driver Pin                                                                | Net                                                           |
+-----------+-----------+-----------------+------------+----------------+--------------+-------------------+-------------+-----------------+--------------+------------+---------------------------------------------------------------------------+---------------------------------------------------------------+
| g0        | src0      | BUFG/O          | None       | BUFGCTRL_X0Y16 | n/a          |                 5 |        4042 |               0 |       20.000 | clk_fpga_0 | system_i/PS/processing_system7_0/inst/buffer_fclk_clk_0.FCLK_CLK_0_BUFG/O | system_i/PS/processing_system7_0/inst/FCLK_CLK0               |
| g1        | src1      | BUFG/O          | None       | BUFGCTRL_X0Y1  | n/a          |                 2 |          32 |               8 |              |            | system_i/CU_0/inst/BRAM_wr_BUFG_inst/O                                    | system_i/CU_0/inst/BRAM_wr_BUFG                               |
| g2        | src2      | BUFG/O          | None       | BUFGCTRL_X0Y2  | n/a          |                 1 |          32 |               0 |              |            | system_i/CU_0/inst/RD_BUFG_inst/O                                         | system_i/CU_0/inst/RD_BUFG                                    |
| g3        | src3      | BUFG/O          | None       | BUFGCTRL_X0Y3  | n/a          |                 1 |          32 |               0 |              |            | system_i/bram_output_interface_0/inst/q0_reg[31]_i_1_n_0_BUFG_inst/O      | system_i/bram_output_interface_0/inst/q0_reg[31]_i_1_n_0_BUFG |
| g4        | src4      | BUFG/O          | None       | BUFGCTRL_X0Y4  | n/a          |                 1 |          32 |               0 |              |            | system_i/bram_output_interface_0/inst/q1_reg[31]_i_1_n_0_BUFG_inst/O      | system_i/bram_output_interface_0/inst/q1_reg[31]_i_1_n_0_BUFG |
| g5        | src5      | BUFG/O          | None       | BUFGCTRL_X0Y5  | n/a          |                 1 |          32 |               0 |              |            | system_i/bram_output_interface_0/inst/q2_reg[31]_i_1_n_0_BUFG_inst/O      | system_i/bram_output_interface_0/inst/q2_reg[31]_i_1_n_0_BUFG |
| g6        | src6      | BUFG/O          | None       | BUFGCTRL_X0Y6  | n/a          |                 2 |          32 |               0 |              |            | system_i/bram_output_interface_0/inst/q3_reg[31]_i_1_n_0_BUFG_inst/O      | system_i/bram_output_interface_0/inst/q3_reg[31]_i_1_n_0_BUFG |
| g7        | src7      | BUFG/O          | None       | BUFGCTRL_X0Y0  | n/a          |                 4 |          31 |            1544 |              |            | system_i/CU_0/inst/SD_BUFG_inst/O                                         | system_i/CU_0/inst/SD_BUFG                                    |
+-----------+-----------+-----------------+------------+----------------+--------------+-------------------+-------------+-----------------+--------------+------------+---------------------------------------------------------------------------+---------------------------------------------------------------+
* Clock Loads column represents the clock pin loads (pin count)
** Non-Clock Loads column represents the non-clock pin loads (pin count)


3. Global Clock Source Details
------------------------------

+-----------+-----------+-----------------+------------+--------------+--------------+-------------+-----------------+---------------------+--------------+--------------------------------------------------------+--------------------------------------------------------------+
| Source Id | Global Id | Driver Type/Pin | Constraint | Site         | Clock Region | Clock Loads | Non-Clock Loads | Source Clock Period | Source Clock | Driver Pin                                             | Net                                                          |
+-----------+-----------+-----------------+------------+--------------+--------------+-------------+-----------------+---------------------+--------------+--------------------------------------------------------+--------------------------------------------------------------+
| src0      | g0        | PS7/FCLKCLK[0]  | PS7_X0Y0   | PS7_X0Y0     | X0Y2         |           1 |               0 |              20.000 | clk_fpga_0   | system_i/PS/processing_system7_0/inst/PS7_i/FCLKCLK[0] | system_i/PS/processing_system7_0/inst/FCLK_CLK_unbuffered[0] |
| src1      | g1        | LUT5/O          | None       | SLICE_X64Y46 | X1Y0         |           1 |               0 |                     |              | system_i/CU_0/inst/QA_INST_0/O                         | system_i/CU_0/inst/BRAM_wr                                   |
| src2      | g2        | LUT6/O          | None       | SLICE_X52Y46 | X1Y0         |           1 |               0 |                     |              | system_i/CU_0/inst/RD_INST_0/O                         | system_i/CU_0/inst/RD                                        |
| src3      | g3        | LUT3/O          | None       | SLICE_X50Y46 | X1Y0         |           1 |               0 |                     |              | system_i/bram_output_interface_0/inst/q0_reg[31]_i_1/O | system_i/bram_output_interface_0/inst/q0_reg[31]_i_1_n_0     |
| src4      | g4        | LUT3/O          | None       | SLICE_X50Y46 | X1Y0         |           1 |               0 |                     |              | system_i/bram_output_interface_0/inst/q1_reg[31]_i_1/O | system_i/bram_output_interface_0/inst/q1_reg[31]_i_1_n_0     |
| src5      | g5        | LUT3/O          | None       | SLICE_X49Y46 | X0Y0         |           1 |               0 |                     |              | system_i/bram_output_interface_0/inst/q2_reg[31]_i_1/O | system_i/bram_output_interface_0/inst/q2_reg[31]_i_1_n_0     |
| src6      | g6        | LUT3/O          | None       | SLICE_X49Y46 | X0Y0         |           1 |               0 |                     |              | system_i/bram_output_interface_0/inst/q3_reg[31]_i_1/O | system_i/bram_output_interface_0/inst/q3_reg[31]_i_1_n_0     |
| src7      | g7        | LUT5/O          | None       | SLICE_X68Y45 | X1Y0         |           1 |               0 |                     |              | system_i/CU_0/inst/SD_INST_0/O                         | system_i/CU_0/inst/SD                                        |
+-----------+-----------+-----------------+------------+--------------+--------------+-------------+-----------------+---------------------+--------------+--------------------------------------------------------+--------------------------------------------------------------+
* Clock Loads column represents the clock pin loads (pin count)
** Non-Clock Loads column represents the non-clock pin loads (pin count)


4. Clock Regions: Key Resource Utilization
------------------------------------------

+-------------------+--------------+--------------+--------------+--------------+--------------+--------------+--------------+--------------+--------------+--------------+--------------+--------------+--------------+--------------+--------------+
|                   | Global Clock |     BUFRs    |    BUFMRs    |    BUFIOs    |     MMCM     |      PLL     |      GT      |      PCI     |    ILOGIC    |    OLOGIC    |      FF      |     LUTM     |    RAMB18    |    RAMB36    |    DSP48E2   |
+-------------------+------+-------+------+-------+------+-------+------+-------+------+-------+------+-------+------+-------+------+-------+------+-------+------+-------+------+-------+------+-------+------+-------+------+-------+------+-------+
| Clock Region Name | Used | Avail | Used | Avail | Used | Avail | Used | Avail | Used | Avail | Used | Avail | Used | Avail | Used | Avail | Used | Avail | Used | Avail | Used | Avail | Used | Avail | Used | Avail | Used | Avail | Used | Avail |
+-------------------+------+-------+------+-------+------+-------+------+-------+------+-------+------+-------+------+-------+------+-------+------+-------+------+-------+------+-------+------+-------+------+-------+------+-------+------+-------+
| X0Y0              |    5 |    12 |    0 |     4 |    0 |     2 |    0 |     4 |    0 |     1 |    0 |     1 |    0 |     0 |    0 |     0 |    0 |    50 |    0 |    50 |  827 |  2500 |  349 |  1000 |    0 |    60 |   29 |    30 |    0 |    60 |
| X1Y0              |    7 |    12 |    0 |     4 |    0 |     2 |    0 |     4 |    0 |     1 |    0 |     1 |    0 |     0 |    0 |     0 |    0 |    50 |    0 |    50 |  751 |  3200 |  331 |   850 |    0 |    60 |   28 |    30 |    0 |    40 |
| X0Y1              |    2 |    12 |    0 |     0 |    0 |     0 |    0 |     0 |    0 |     0 |    0 |     0 |    0 |     0 |    0 |     0 |    0 |     0 |    0 |     0 | 1431 |  1200 |  682 |   400 |    0 |    20 |    5 |    10 |    0 |    20 |
| X1Y1              |    2 |    12 |    0 |     4 |    0 |     2 |    0 |     4 |    0 |     1 |    0 |     1 |    0 |     0 |    0 |     0 |    0 |    50 |    0 |    50 |  753 |  2600 |  422 |   850 |    0 |    60 |   10 |    30 |    0 |    40 |
| X0Y2              |    1 |    12 |    0 |     0 |    0 |     0 |    0 |     0 |    0 |     0 |    0 |     0 |    0 |     0 |    0 |     0 |    0 |     0 |    0 |     0 |    0 |  1200 |    0 |   400 |    0 |    20 |    0 |    10 |    0 |    20 |
| X1Y2              |    0 |    12 |    0 |     4 |    0 |     2 |    0 |     4 |    0 |     1 |    0 |     1 |    0 |     0 |    0 |     0 |    0 |    50 |    0 |    50 |    0 |  2600 |    0 |   850 |    0 |    60 |    0 |    30 |    0 |    40 |
+-------------------+------+-------+------+-------+------+-------+------+-------+------+-------+------+-------+------+-------+------+-------+------+-------+------+-------+------+-------+------+-------+------+-------+------+-------+------+-------+
* Global Clock column represents track count; while other columns represents cell counts


5. Clock Regions : Global Clock Summary
---------------------------------------

All Modules
+----+----+----+
|    | X0 | X1 |
+----+----+----+
| Y2 |  1 |  0 |
| Y1 |  2 |  2 |
| Y0 |  5 |  7 |
+----+----+----+


6. Device Cell Placement Summary for Global Clock g0
----------------------------------------------------

+-----------+-----------------+-------------------+------------+-------------+----------------+-------------+----------+----------------+----------+-------------------------------------------------+
| Global Id | Driver Type/Pin | Driver Region (D) | Clock      | Period (ns) | Waveform (ns)  | Slice Loads | IO Loads | Clocking Loads | GT Loads | Net                                             |
+-----------+-----------------+-------------------+------------+-------------+----------------+-------------+----------+----------------+----------+-------------------------------------------------+
| g0        | BUFG/O          | n/a               | clk_fpga_0 |      20.000 | {0.000 10.000} |        3970 |        0 |              0 |        0 | system_i/PS/processing_system7_0/inst/FCLK_CLK0 |
+-----------+-----------------+-------------------+------------+-------------+----------------+-------------+----------+----------------+----------+-------------------------------------------------+
* Slice Loads column represents load cell count of all cell types other than IO, GT and clock resources
** IO Loads column represents load cell count of IO types
*** Clocking Loads column represents load cell count that are clock resources (global clock buffer, MMCM, PLL, etc)
**** GT Loads column represents load cell count of GT types


+----+-------+------+-----------------------+
|    | X0    | X1   | HORIZONTAL PROG DELAY |
+----+-------+------+-----------------------+
| Y2 |     1 |    0 |                     0 |
| Y1 |  1549 |  773 |                     0 |
| Y0 |   863 |  784 |                     0 |
+----+-------+------+-----------------------+


7. Device Cell Placement Summary for Global Clock g1
----------------------------------------------------

+-----------+-----------------+-------------------+-------+-------------+---------------+-------------+----------+----------------+----------+---------------------------------+
| Global Id | Driver Type/Pin | Driver Region (D) | Clock | Period (ns) | Waveform (ns) | Slice Loads | IO Loads | Clocking Loads | GT Loads | Net                             |
+-----------+-----------------+-------------------+-------+-------------+---------------+-------------+----------+----------------+----------+---------------------------------+
| g1        | BUFG/O          | n/a               |       |             |               |          40 |        0 |              0 |        0 | system_i/CU_0/inst/BRAM_wr_BUFG |
+-----------+-----------------+-------------------+-------+-------------+---------------+-------------+----------+----------------+----------+---------------------------------+
* Slice Loads column represents load cell count of all cell types other than IO, GT and clock resources
** IO Loads column represents load cell count of IO types
*** Clocking Loads column represents load cell count that are clock resources (global clock buffer, MMCM, PLL, etc)
**** GT Loads column represents load cell count of GT types


+----+-----+----+-----------------------+
|    | X0  | X1 | HORIZONTAL PROG DELAY |
+----+-----+----+-----------------------+
| Y2 |   0 |  0 |                     0 |
| Y1 |   0 |  0 |                     0 |
| Y0 |  32 |  8 |                     0 |
+----+-----+----+-----------------------+


8. Device Cell Placement Summary for Global Clock g2
----------------------------------------------------

+-----------+-----------------+-------------------+-------+-------------+---------------+-------------+----------+----------------+----------+----------------------------+
| Global Id | Driver Type/Pin | Driver Region (D) | Clock | Period (ns) | Waveform (ns) | Slice Loads | IO Loads | Clocking Loads | GT Loads | Net                        |
+-----------+-----------------+-------------------+-------+-------------+---------------+-------------+----------+----------------+----------+----------------------------+
| g2        | BUFG/O          | n/a               |       |             |               |          32 |        0 |              0 |        0 | system_i/CU_0/inst/RD_BUFG |
+-----------+-----------------+-------------------+-------+-------------+---------------+-------------+----------+----------------+----------+----------------------------+
* Slice Loads column represents load cell count of all cell types other than IO, GT and clock resources
** IO Loads column represents load cell count of IO types
*** Clocking Loads column represents load cell count that are clock resources (global clock buffer, MMCM, PLL, etc)
**** GT Loads column represents load cell count of GT types


+----+-----+----+-----------------------+
|    | X0  | X1 | HORIZONTAL PROG DELAY |
+----+-----+----+-----------------------+
| Y2 |   0 |  0 |                     0 |
| Y1 |   0 |  0 |                     0 |
| Y0 |  32 |  0 |                     0 |
+----+-----+----+-----------------------+


9. Device Cell Placement Summary for Global Clock g3
----------------------------------------------------

+-----------+-----------------+-------------------+-------+-------------+---------------+-------------+----------+----------------+----------+---------------------------------------------------------------+
| Global Id | Driver Type/Pin | Driver Region (D) | Clock | Period (ns) | Waveform (ns) | Slice Loads | IO Loads | Clocking Loads | GT Loads | Net                                                           |
+-----------+-----------------+-------------------+-------+-------------+---------------+-------------+----------+----------------+----------+---------------------------------------------------------------+
| g3        | BUFG/O          | n/a               |       |             |               |          32 |        0 |              0 |        0 | system_i/bram_output_interface_0/inst/q0_reg[31]_i_1_n_0_BUFG |
+-----------+-----------------+-------------------+-------+-------------+---------------+-------------+----------+----------------+----------+---------------------------------------------------------------+
* Slice Loads column represents load cell count of all cell types other than IO, GT and clock resources
** IO Loads column represents load cell count of IO types
*** Clocking Loads column represents load cell count that are clock resources (global clock buffer, MMCM, PLL, etc)
**** GT Loads column represents load cell count of GT types


+----+----+-----+-----------------------+
|    | X0 | X1  | HORIZONTAL PROG DELAY |
+----+----+-----+-----------------------+
| Y2 |  0 |   0 |                     0 |
| Y1 |  0 |   0 |                     0 |
| Y0 |  0 |  32 |                     0 |
+----+----+-----+-----------------------+


10. Device Cell Placement Summary for Global Clock g4
-----------------------------------------------------

+-----------+-----------------+-------------------+-------+-------------+---------------+-------------+----------+----------------+----------+---------------------------------------------------------------+
| Global Id | Driver Type/Pin | Driver Region (D) | Clock | Period (ns) | Waveform (ns) | Slice Loads | IO Loads | Clocking Loads | GT Loads | Net                                                           |
+-----------+-----------------+-------------------+-------+-------------+---------------+-------------+----------+----------------+----------+---------------------------------------------------------------+
| g4        | BUFG/O          | n/a               |       |             |               |          32 |        0 |              0 |        0 | system_i/bram_output_interface_0/inst/q1_reg[31]_i_1_n_0_BUFG |
+-----------+-----------------+-------------------+-------+-------------+---------------+-------------+----------+----------------+----------+---------------------------------------------------------------+
* Slice Loads column represents load cell count of all cell types other than IO, GT and clock resources
** IO Loads column represents load cell count of IO types
*** Clocking Loads column represents load cell count that are clock resources (global clock buffer, MMCM, PLL, etc)
**** GT Loads column represents load cell count of GT types


+----+----+-----+-----------------------+
|    | X0 | X1  | HORIZONTAL PROG DELAY |
+----+----+-----+-----------------------+
| Y2 |  0 |   0 |                     0 |
| Y1 |  0 |   0 |                     0 |
| Y0 |  0 |  32 |                     0 |
+----+----+-----+-----------------------+


11. Device Cell Placement Summary for Global Clock g5
-----------------------------------------------------

+-----------+-----------------+-------------------+-------+-------------+---------------+-------------+----------+----------------+----------+---------------------------------------------------------------+
| Global Id | Driver Type/Pin | Driver Region (D) | Clock | Period (ns) | Waveform (ns) | Slice Loads | IO Loads | Clocking Loads | GT Loads | Net                                                           |
+-----------+-----------------+-------------------+-------+-------------+---------------+-------------+----------+----------------+----------+---------------------------------------------------------------+
| g5        | BUFG/O          | n/a               |       |             |               |          32 |        0 |              0 |        0 | system_i/bram_output_interface_0/inst/q2_reg[31]_i_1_n_0_BUFG |
+-----------+-----------------+-------------------+-------+-------------+---------------+-------------+----------+----------------+----------+---------------------------------------------------------------+
* Slice Loads column represents load cell count of all cell types other than IO, GT and clock resources
** IO Loads column represents load cell count of IO types
*** Clocking Loads column represents load cell count that are clock resources (global clock buffer, MMCM, PLL, etc)
**** GT Loads column represents load cell count of GT types


+----+----+-----+-----------------------+
|    | X0 | X1  | HORIZONTAL PROG DELAY |
+----+----+-----+-----------------------+
| Y2 |  0 |   0 |                     0 |
| Y1 |  0 |   0 |                     0 |
| Y0 |  0 |  32 |                     0 |
+----+----+-----+-----------------------+


12. Device Cell Placement Summary for Global Clock g6
-----------------------------------------------------

+-----------+-----------------+-------------------+-------+-------------+---------------+-------------+----------+----------------+----------+---------------------------------------------------------------+
| Global Id | Driver Type/Pin | Driver Region (D) | Clock | Period (ns) | Waveform (ns) | Slice Loads | IO Loads | Clocking Loads | GT Loads | Net                                                           |
+-----------+-----------------+-------------------+-------+-------------+---------------+-------------+----------+----------------+----------+---------------------------------------------------------------+
| g6        | BUFG/O          | n/a               |       |             |               |          32 |        0 |              0 |        0 | system_i/bram_output_interface_0/inst/q3_reg[31]_i_1_n_0_BUFG |
+-----------+-----------------+-------------------+-------+-------------+---------------+-------------+----------+----------------+----------+---------------------------------------------------------------+
* Slice Loads column represents load cell count of all cell types other than IO, GT and clock resources
** IO Loads column represents load cell count of IO types
*** Clocking Loads column represents load cell count that are clock resources (global clock buffer, MMCM, PLL, etc)
**** GT Loads column represents load cell count of GT types


+----+-----+-----+-----------------------+
|    | X0  | X1  | HORIZONTAL PROG DELAY |
+----+-----+-----+-----------------------+
| Y2 |   0 |   0 |                     0 |
| Y1 |   0 |   0 |                     0 |
| Y0 |  16 |  16 |                     0 |
+----+-----+-----+-----------------------+


13. Device Cell Placement Summary for Global Clock g7
-----------------------------------------------------

+-----------+-----------------+-------------------+-------+-------------+---------------+-------------+----------+----------------+----------+----------------------------+
| Global Id | Driver Type/Pin | Driver Region (D) | Clock | Period (ns) | Waveform (ns) | Slice Loads | IO Loads | Clocking Loads | GT Loads | Net                        |
+-----------+-----------------+-------------------+-------+-------------+---------------+-------------+----------+----------------+----------+----------------------------+
| g7        | BUFG/O          | n/a               |       |             |               |        1575 |        0 |              0 |        0 | system_i/CU_0/inst/SD_BUFG |
+-----------+-----------------+-------------------+-------+-------------+---------------+-------------+----------+----------------+----------+----------------------------+
* Slice Loads column represents load cell count of all cell types other than IO, GT and clock resources
** IO Loads column represents load cell count of IO types
*** Clocking Loads column represents load cell count that are clock resources (global clock buffer, MMCM, PLL, etc)
**** GT Loads column represents load cell count of GT types


+----+------+------+-----------------------+
|    | X0   | X1   | HORIZONTAL PROG DELAY |
+----+------+------+-----------------------+
| Y2 |    0 |    0 |                     0 |
| Y1 |  464 |  596 |                     0 |
| Y0 |  148 |  367 |                     0 |
+----+------+------+-----------------------+


14. Clock Region Cell Placement per Global Clock: Region X0Y0
-------------------------------------------------------------

+-----------+-------+-----------------+------------+-------------+-----------------+-----+--------+------+-----+----+------+-----+---------+---------------------------------------------------------------+
| Global Id | Track | Driver Type/Pin | Constraint | Clock Loads | Non-Clock Loads | FF  | LUTRAM | RAMB | DSP | GT | MMCM | PLL | Hard IP | Net                                                           |
+-----------+-------+-----------------+------------+-------------+-----------------+-----+--------+------+-----+----+------+-----+---------+---------------------------------------------------------------+
| g0        | n/a   | BUFG/O          | None       |         863 |               0 | 827 |      7 |   29 |   0 |  0 |    0 |   0 |       0 | system_i/PS/processing_system7_0/inst/FCLK_CLK0               |
| g1        | n/a   | BUFG/O          | None       |          28 |               4 |   0 |      0 |    0 |   0 |  0 |    0 |   0 |       0 | system_i/CU_0/inst/BRAM_wr_BUFG                               |
| g2        | n/a   | BUFG/O          | None       |          32 |               0 |   0 |      0 |    0 |   0 |  0 |    0 |   0 |       0 | system_i/CU_0/inst/RD_BUFG                                    |
| g6        | n/a   | BUFG/O          | None       |          16 |               0 |   0 |      0 |    0 |   0 |  0 |    0 |   0 |       0 | system_i/bram_output_interface_0/inst/q3_reg[31]_i_1_n_0_BUFG |
| g7        | n/a   | BUFG/O          | None       |           0 |             148 |   0 |      0 |    0 |   0 |  0 |    0 |   0 |       0 | system_i/CU_0/inst/SD_BUFG                                    |
+-----------+-------+-----------------+------------+-------------+-----------------+-----+--------+------+-----+----+------+-----+---------+---------------------------------------------------------------+
* Clock Loads column represents the clock pin loads (pin count)
** Non-Clock Loads column represents the non-clock pin loads (pin count)
*** Columns FF, LUTRAM, RAMB through 'Hard IP' represents load cell counts


15. Clock Region Cell Placement per Global Clock: Region X1Y0
-------------------------------------------------------------

+-----------+-------+-----------------+------------+-------------+-----------------+-----+--------+------+-----+----+------+-----+---------+---------------------------------------------------------------+
| Global Id | Track | Driver Type/Pin | Constraint | Clock Loads | Non-Clock Loads | FF  | LUTRAM | RAMB | DSP | GT | MMCM | PLL | Hard IP | Net                                                           |
+-----------+-------+-----------------+------------+-------------+-----------------+-----+--------+------+-----+----+------+-----+---------+---------------------------------------------------------------+
| g0        | n/a   | BUFG/O          | None       |         784 |               0 | 751 |      5 |   28 |   0 |  0 |    0 |   0 |       0 | system_i/PS/processing_system7_0/inst/FCLK_CLK0               |
| g1        | n/a   | BUFG/O          | None       |           4 |               4 |   0 |      0 |    0 |   0 |  0 |    0 |   0 |       0 | system_i/CU_0/inst/BRAM_wr_BUFG                               |
| g3        | n/a   | BUFG/O          | None       |          32 |               0 |   0 |      0 |    0 |   0 |  0 |    0 |   0 |       0 | system_i/bram_output_interface_0/inst/q0_reg[31]_i_1_n_0_BUFG |
| g4        | n/a   | BUFG/O          | None       |          32 |               0 |   0 |      0 |    0 |   0 |  0 |    0 |   0 |       0 | system_i/bram_output_interface_0/inst/q1_reg[31]_i_1_n_0_BUFG |
| g5        | n/a   | BUFG/O          | None       |          32 |               0 |   0 |      0 |    0 |   0 |  0 |    0 |   0 |       0 | system_i/bram_output_interface_0/inst/q2_reg[31]_i_1_n_0_BUFG |
| g6        | n/a   | BUFG/O          | None       |          16 |               0 |   0 |      0 |    0 |   0 |  0 |    0 |   0 |       0 | system_i/bram_output_interface_0/inst/q3_reg[31]_i_1_n_0_BUFG |
| g7        | n/a   | BUFG/O          | None       |           1 |             366 |   0 |      0 |    0 |   0 |  0 |    0 |   0 |       0 | system_i/CU_0/inst/SD_BUFG                                    |
+-----------+-------+-----------------+------------+-------------+-----------------+-----+--------+------+-----+----+------+-----+---------+---------------------------------------------------------------+
* Clock Loads column represents the clock pin loads (pin count)
** Non-Clock Loads column represents the non-clock pin loads (pin count)
*** Columns FF, LUTRAM, RAMB through 'Hard IP' represents load cell counts


16. Clock Region Cell Placement per Global Clock: Region X0Y1
-------------------------------------------------------------

+-----------+-------+-----------------+------------+-------------+-----------------+------+--------+------+-----+----+------+-----+---------+-------------------------------------------------+
| Global Id | Track | Driver Type/Pin | Constraint | Clock Loads | Non-Clock Loads | FF   | LUTRAM | RAMB | DSP | GT | MMCM | PLL | Hard IP | Net                                             |
+-----------+-------+-----------------+------------+-------------+-----------------+------+--------+------+-----+----+------+-----+---------+-------------------------------------------------+
| g0        | n/a   | BUFG/O          | None       |        1549 |               0 | 1431 |    113 |    5 |   0 |  0 |    0 |   0 |       0 | system_i/PS/processing_system7_0/inst/FCLK_CLK0 |
| g7        | n/a   | BUFG/O          | None       |          30 |             434 |    0 |      0 |    0 |   0 |  0 |    0 |   0 |       0 | system_i/CU_0/inst/SD_BUFG                      |
+-----------+-------+-----------------+------------+-------------+-----------------+------+--------+------+-----+----+------+-----+---------+-------------------------------------------------+
* Clock Loads column represents the clock pin loads (pin count)
** Non-Clock Loads column represents the non-clock pin loads (pin count)
*** Columns FF, LUTRAM, RAMB through 'Hard IP' represents load cell counts


17. Clock Region Cell Placement per Global Clock: Region X1Y1
-------------------------------------------------------------

+-----------+-------+-----------------+------------+-------------+-----------------+-----+--------+------+-----+----+------+-----+---------+-------------------------------------------------+
| Global Id | Track | Driver Type/Pin | Constraint | Clock Loads | Non-Clock Loads | FF  | LUTRAM | RAMB | DSP | GT | MMCM | PLL | Hard IP | Net                                             |
+-----------+-------+-----------------+------------+-------------+-----------------+-----+--------+------+-----+----+------+-----+---------+-------------------------------------------------+
| g0        | n/a   | BUFG/O          | None       |         773 |               0 | 753 |     10 |   10 |   0 |  0 |    0 |   0 |       0 | system_i/PS/processing_system7_0/inst/FCLK_CLK0 |
| g7        | n/a   | BUFG/O          | None       |           0 |             596 |   0 |      0 |    0 |   0 |  0 |    0 |   0 |       0 | system_i/CU_0/inst/SD_BUFG                      |
+-----------+-------+-----------------+------------+-------------+-----------------+-----+--------+------+-----+----+------+-----+---------+-------------------------------------------------+
* Clock Loads column represents the clock pin loads (pin count)
** Non-Clock Loads column represents the non-clock pin loads (pin count)
*** Columns FF, LUTRAM, RAMB through 'Hard IP' represents load cell counts


18. Clock Region Cell Placement per Global Clock: Region X0Y2
-------------------------------------------------------------

+-----------+-------+-----------------+------------+-------------+-----------------+----+--------+------+-----+----+------+-----+---------+-------------------------------------------------+
| Global Id | Track | Driver Type/Pin | Constraint | Clock Loads | Non-Clock Loads | FF | LUTRAM | RAMB | DSP | GT | MMCM | PLL | Hard IP | Net                                             |
+-----------+-------+-----------------+------------+-------------+-----------------+----+--------+------+-----+----+------+-----+---------+-------------------------------------------------+
| g0        | n/a   | BUFG/O          | None       |           1 |               0 |  0 |      0 |    0 |   0 |  0 |    0 |   0 |       0 | system_i/PS/processing_system7_0/inst/FCLK_CLK0 |
+-----------+-------+-----------------+------------+-------------+-----------------+----+--------+------+-----+----+------+-----+---------+-------------------------------------------------+
* Clock Loads column represents the clock pin loads (pin count)
** Non-Clock Loads column represents the non-clock pin loads (pin count)
*** Columns FF, LUTRAM, RAMB through 'Hard IP' represents load cell counts



# Location of BUFG Primitives 
set_property LOC BUFGCTRL_X0Y6 [get_cells system_i/bram_output_interface_0/inst/q3_reg[31]_i_1_n_0_BUFG_inst]
set_property LOC BUFGCTRL_X0Y5 [get_cells system_i/bram_output_interface_0/inst/q2_reg[31]_i_1_n_0_BUFG_inst]
set_property LOC BUFGCTRL_X0Y4 [get_cells system_i/bram_output_interface_0/inst/q1_reg[31]_i_1_n_0_BUFG_inst]
set_property LOC BUFGCTRL_X0Y3 [get_cells system_i/bram_output_interface_0/inst/q0_reg[31]_i_1_n_0_BUFG_inst]
set_property LOC BUFGCTRL_X0Y16 [get_cells system_i/PS/processing_system7_0/inst/buffer_fclk_clk_0.FCLK_CLK_0_BUFG]
set_property LOC BUFGCTRL_X0Y0 [get_cells system_i/CU_0/inst/SD_BUFG_inst]
set_property LOC BUFGCTRL_X0Y2 [get_cells system_i/CU_0/inst/RD_BUFG_inst]
set_property LOC BUFGCTRL_X0Y1 [get_cells system_i/CU_0/inst/BRAM_wr_BUFG_inst]

# Location of IO Primitives which is load of clock spine

# Location of clock ports

# Clock net "system_i/bram_output_interface_0/inst/q3_reg[31]_i_1_n_0_BUFG" driven by instance "system_i/bram_output_interface_0/inst/q3_reg[31]_i_1_n_0_BUFG_inst" located at site "BUFGCTRL_X0Y6"
#startgroup
create_pblock {CLKAG_system_i/bram_output_interface_0/inst/q3_reg[31]_i_1_n_0_BUFG}
add_cells_to_pblock [get_pblocks  {CLKAG_system_i/bram_output_interface_0/inst/q3_reg[31]_i_1_n_0_BUFG}] [get_cells -filter { PRIMITIVE_GROUP != I/O && IS_PRIMITIVE==1 && PRIMITIVE_LEVEL !=INTERNAL } -of_object [get_pins -filter {DIRECTION==IN} -of_objects [get_nets -hierarchical -filter {PARENT=="system_i/bram_output_interface_0/inst/q3_reg[31]_i_1_n_0_BUFG"}]]]
resize_pblock [get_pblocks {CLKAG_system_i/bram_output_interface_0/inst/q3_reg[31]_i_1_n_0_BUFG}] -add {CLOCKREGION_X0Y0:CLOCKREGION_X0Y0 CLOCKREGION_X1Y0:CLOCKREGION_X1Y0}
#endgroup

# Clock net "system_i/bram_output_interface_0/inst/q2_reg[31]_i_1_n_0_BUFG" driven by instance "system_i/bram_output_interface_0/inst/q2_reg[31]_i_1_n_0_BUFG_inst" located at site "BUFGCTRL_X0Y5"
#startgroup
create_pblock {CLKAG_system_i/bram_output_interface_0/inst/q2_reg[31]_i_1_n_0_BUFG}
add_cells_to_pblock [get_pblocks  {CLKAG_system_i/bram_output_interface_0/inst/q2_reg[31]_i_1_n_0_BUFG}] [get_cells -filter { PRIMITIVE_GROUP != I/O && IS_PRIMITIVE==1 && PRIMITIVE_LEVEL !=INTERNAL } -of_object [get_pins -filter {DIRECTION==IN} -of_objects [get_nets -hierarchical -filter {PARENT=="system_i/bram_output_interface_0/inst/q2_reg[31]_i_1_n_0_BUFG"}]]]
resize_pblock [get_pblocks {CLKAG_system_i/bram_output_interface_0/inst/q2_reg[31]_i_1_n_0_BUFG}] -add {CLOCKREGION_X1Y0:CLOCKREGION_X1Y0}
#endgroup

# Clock net "system_i/bram_output_interface_0/inst/q1_reg[31]_i_1_n_0_BUFG" driven by instance "system_i/bram_output_interface_0/inst/q1_reg[31]_i_1_n_0_BUFG_inst" located at site "BUFGCTRL_X0Y4"
#startgroup
create_pblock {CLKAG_system_i/bram_output_interface_0/inst/q1_reg[31]_i_1_n_0_BUFG}
add_cells_to_pblock [get_pblocks  {CLKAG_system_i/bram_output_interface_0/inst/q1_reg[31]_i_1_n_0_BUFG}] [get_cells -filter { PRIMITIVE_GROUP != I/O && IS_PRIMITIVE==1 && PRIMITIVE_LEVEL !=INTERNAL } -of_object [get_pins -filter {DIRECTION==IN} -of_objects [get_nets -hierarchical -filter {PARENT=="system_i/bram_output_interface_0/inst/q1_reg[31]_i_1_n_0_BUFG"}]]]
resize_pblock [get_pblocks {CLKAG_system_i/bram_output_interface_0/inst/q1_reg[31]_i_1_n_0_BUFG}] -add {CLOCKREGION_X1Y0:CLOCKREGION_X1Y0}
#endgroup

# Clock net "system_i/bram_output_interface_0/inst/q0_reg[31]_i_1_n_0_BUFG" driven by instance "system_i/bram_output_interface_0/inst/q0_reg[31]_i_1_n_0_BUFG_inst" located at site "BUFGCTRL_X0Y3"
#startgroup
create_pblock {CLKAG_system_i/bram_output_interface_0/inst/q0_reg[31]_i_1_n_0_BUFG}
add_cells_to_pblock [get_pblocks  {CLKAG_system_i/bram_output_interface_0/inst/q0_reg[31]_i_1_n_0_BUFG}] [get_cells -filter { PRIMITIVE_GROUP != I/O && IS_PRIMITIVE==1 && PRIMITIVE_LEVEL !=INTERNAL } -of_object [get_pins -filter {DIRECTION==IN} -of_objects [get_nets -hierarchical -filter {PARENT=="system_i/bram_output_interface_0/inst/q0_reg[31]_i_1_n_0_BUFG"}]]]
resize_pblock [get_pblocks {CLKAG_system_i/bram_output_interface_0/inst/q0_reg[31]_i_1_n_0_BUFG}] -add {CLOCKREGION_X1Y0:CLOCKREGION_X1Y0}
#endgroup

# Clock net "system_i/PS/processing_system7_0/inst/FCLK_CLK0" driven by instance "system_i/PS/processing_system7_0/inst/buffer_fclk_clk_0.FCLK_CLK_0_BUFG" located at site "BUFGCTRL_X0Y16"
#startgroup
create_pblock {CLKAG_system_i/PS/processing_system7_0/inst/FCLK_CLK0}
add_cells_to_pblock [get_pblocks  {CLKAG_system_i/PS/processing_system7_0/inst/FCLK_CLK0}] [get_cells -filter { PRIMITIVE_GROUP != I/O && IS_PRIMITIVE==1 && PRIMITIVE_LEVEL !=INTERNAL } -of_object [get_pins -filter {DIRECTION==IN} -of_objects [get_nets -hierarchical -filter {PARENT=="system_i/PS/processing_system7_0/inst/FCLK_CLK0"}]]]
resize_pblock [get_pblocks {CLKAG_system_i/PS/processing_system7_0/inst/FCLK_CLK0}] -add {CLOCKREGION_X0Y0:CLOCKREGION_X0Y0 CLOCKREGION_X0Y1:CLOCKREGION_X0Y1 CLOCKREGION_X0Y2:CLOCKREGION_X0Y2 CLOCKREGION_X1Y0:CLOCKREGION_X1Y0 CLOCKREGION_X1Y1:CLOCKREGION_X1Y1}
#endgroup

# Clock net "system_i/CU_0/inst/SD_BUFG" driven by instance "system_i/CU_0/inst/SD_BUFG_inst" located at site "BUFGCTRL_X0Y0"
#startgroup
create_pblock {CLKAG_system_i/CU_0/inst/SD_BUFG}
add_cells_to_pblock [get_pblocks  {CLKAG_system_i/CU_0/inst/SD_BUFG}] [get_cells -filter { PRIMITIVE_GROUP != I/O && IS_PRIMITIVE==1 && PRIMITIVE_LEVEL !=INTERNAL } -of_object [get_pins -filter {DIRECTION==IN} -of_objects [get_nets -hierarchical -filter {PARENT=="system_i/CU_0/inst/SD_BUFG"}]]]
resize_pblock [get_pblocks {CLKAG_system_i/CU_0/inst/SD_BUFG}] -add {CLOCKREGION_X0Y0:CLOCKREGION_X0Y0 CLOCKREGION_X0Y1:CLOCKREGION_X0Y1 CLOCKREGION_X1Y0:CLOCKREGION_X1Y0 CLOCKREGION_X1Y1:CLOCKREGION_X1Y1}
#endgroup

# Clock net "system_i/CU_0/inst/RD_BUFG" driven by instance "system_i/CU_0/inst/RD_BUFG_inst" located at site "BUFGCTRL_X0Y2"
#startgroup
create_pblock {CLKAG_system_i/CU_0/inst/RD_BUFG}
add_cells_to_pblock [get_pblocks  {CLKAG_system_i/CU_0/inst/RD_BUFG}] [get_cells -filter { PRIMITIVE_GROUP != I/O && IS_PRIMITIVE==1 && PRIMITIVE_LEVEL !=INTERNAL } -of_object [get_pins -filter {DIRECTION==IN} -of_objects [get_nets -hierarchical -filter {PARENT=="system_i/CU_0/inst/RD_BUFG"}]]]
resize_pblock [get_pblocks {CLKAG_system_i/CU_0/inst/RD_BUFG}] -add {CLOCKREGION_X0Y0:CLOCKREGION_X0Y0}
#endgroup

# Clock net "system_i/CU_0/inst/BRAM_wr_BUFG" driven by instance "system_i/CU_0/inst/BRAM_wr_BUFG_inst" located at site "BUFGCTRL_X0Y1"
#startgroup
create_pblock {CLKAG_system_i/CU_0/inst/BRAM_wr_BUFG}
add_cells_to_pblock [get_pblocks  {CLKAG_system_i/CU_0/inst/BRAM_wr_BUFG}] [get_cells -filter { PRIMITIVE_GROUP != I/O && IS_PRIMITIVE==1 && PRIMITIVE_LEVEL !=INTERNAL } -of_object [get_pins -filter {DIRECTION==IN} -of_objects [get_nets -hierarchical -filter {PARENT=="system_i/CU_0/inst/BRAM_wr_BUFG"}]]]
resize_pblock [get_pblocks {CLKAG_system_i/CU_0/inst/BRAM_wr_BUFG}] -add {CLOCKREGION_X0Y0:CLOCKREGION_X0Y0 CLOCKREGION_X1Y0:CLOCKREGION_X1Y0}
#endgroup
