#-----------------------------------------------------------
# Vivado v2021.1 (64-bit)
# SW Build 3247384 on Thu Jun 10 19:36:33 MDT 2021
# IP Build 3246043 on Fri Jun 11 00:30:35 MDT 2021
# Start of session at: Tue Feb 22 14:53:04 2022
# Process ID: 5688
# Current directory: D:/Dismas/ITB/SemesterVIII/TA2/intelight
# Command line: vivado.exe -gui_launcher_event rodinguilauncherevent9488 D:\Dismas\ITB\SemesterVIII\TA2\intelight\intelight.xpr
# Log file: D:/Dismas/ITB/SemesterVIII/TA2/intelight/vivado.log
# Journal file: D:/Dismas/ITB/SemesterVIII/TA2/intelight\vivado.jou
#-----------------------------------------------------------
start_gui
open_project D:/Dismas/ITB/SemesterVIII/TA2/intelight/intelight.xpr
update_compile_order -fileset sources_1
update_module_reference system_RD_0_0
update_module_reference system_decoder_0_0
update_module_reference system_PG_0_0
update_module_reference system_QA_0_0
update_module_reference system_SD_0_0
launch_simulation
source max_tb.tcl
set_property SOURCE_SET sources_1 [get_filesets sim_1]
close [ open D:/Dismas/ITB/SemesterVIII/TA2/intelight/intelight.srcs/sim_1/new/comp_tb.v w ]
add_files -fileset sim_1 D:/Dismas/ITB/SemesterVIII/TA2/intelight/intelight.srcs/sim_1/new/comp_tb.v
update_compile_order -fileset sim_1
close_sim
launch_simulation
source max_tb.tcl
relaunch_sim
add_bp {D:/Dismas/ITB/SemesterVIII/TA2/intelight/intelight.srcs/sim_1/new/max_tb.v} 31
remove_bps -file {D:/Dismas/ITB/SemesterVIII/TA2/intelight/intelight.srcs/sim_1/new/max_tb.v} -line 31
relaunch_sim
relaunch_sim
relaunch_sim
close_sim
# Disabling source management mode.  This is to allow the top design properties to be set without GUI intervention.
set_property source_mgmt_mode None [current_project]
set_property top comp_tb [get_filesets sim_1]
set_property top_lib xil_defaultlib [get_filesets sim_1]
# Re-enabling previously disabled source management mode.
set_property source_mgmt_mode All [current_project]
update_compile_order -fileset sim_1
update_module_reference system_PG_0_0
update_module_reference system_QA_0_0
launch_simulation
source comp_tb.tcl
close_sim
# Disabling source management mode.  This is to allow the top design properties to be set without GUI intervention.
set_property source_mgmt_mode None [current_project]
set_property top mux_tb [get_filesets sim_1]
set_property top_lib xil_defaultlib [get_filesets sim_1]
# Re-enabling previously disabled source management mode.
set_property source_mgmt_mode All [current_project]
update_compile_order -fileset sim_1
launch_simulation
source mux_tb.tcl
set_property SOURCE_SET sources_1 [get_filesets sim_1]
close [ open D:/Dismas/ITB/SemesterVIII/TA2/intelight/intelight.srcs/sim_1/new/PG_tb.v w ]
add_files -fileset sim_1 D:/Dismas/ITB/SemesterVIII/TA2/intelight/intelight.srcs/sim_1/new/PG_tb.v
update_compile_order -fileset sim_1
# Disabling source management mode.  This is to allow the top design properties to be set without GUI intervention.
set_property source_mgmt_mode None [current_project]
set_property top PG_tb [get_filesets sim_1]
set_property top_lib xil_defaultlib [get_filesets sim_1]
# Re-enabling previously disabled source management mode.
set_property source_mgmt_mode All [current_project]
update_compile_order -fileset sim_1
launch_simulation
close_sim
launch_simulation
source PG_tb.tcl
relaunch_sim
relaunch_sim
close_sim
